../Middlewares/ST/STM32_USB_Device_Library/Class/HID/Src/usbd_hid.c:594:18:USBD_HID_GetFSCfgDesc	0	static
../Middlewares/ST/STM32_USB_Device_Library/Class/HID/Src/usbd_hid.c:607:18:USBD_HID_GetHSCfgDesc	0	static
../Middlewares/ST/STM32_USB_Device_Library/Class/HID/Src/usbd_hid.c:620:18:USBD_HID_GetOtherSpeedCfgDesc	0	static
../Middlewares/ST/STM32_USB_Device_Library/Class/HID/Src/usbd_hid.c:633:17:USBD_HID_DataIn	0	static
../Middlewares/ST/STM32_USB_Device_Library/Class/HID/Src/usbd_hid.c:650:18:USBD_HID_GetDeviceQualifierDesc	0	static
../Middlewares/ST/STM32_USB_Device_Library/Class/HID/Src/usbd_hid.c:410:17:USBD_HID_Setup	24	static
../Middlewares/ST/STM32_USB_Device_Library/Class/HID/Src/usbd_hid.c:386:17:USBD_HID_DeInit	16	static
../Middlewares/ST/STM32_USB_Device_Library/Class/HID/Src/usbd_hid.c:361:17:USBD_HID_Init	8	static
../Middlewares/ST/STM32_USB_Device_Library/Class/HID/Src/usbd_hid.c:528:9:USBD_HID_SendReport	8	static
../Middlewares/ST/STM32_USB_Device_Library/Class/HID/Src/usbd_hid.c:554:9:USBD_HID_GetState	0	static
../Middlewares/ST/STM32_USB_Device_Library/Class/HID/Src/usbd_hid.c:565:10:USBD_HID_GetPollingInterval	0	static
