Archive member included to satisfy reference by file (symbol)

c:/program files/stm32cubeide_1.12.0/stm32cubeide/plugins/com.st.stm32cube.ide.mcu.externaltools.gnu-tools-for-stm32.10.3-2021.10.win32_1.0.200.202301161003/tools/bin/../lib/gcc/arm-none-eabi/10.3.1/../../../../arm-none-eabi/lib/thumb/v7-m/nofp\libc_nano.a(lib_a-errno.o)
                              ./Core/Src/syscalls.o (__errno)
c:/program files/stm32cubeide_1.12.0/stm32cubeide/plugins/com.st.stm32cube.ide.mcu.externaltools.gnu-tools-for-stm32.10.3-2021.10.win32_1.0.200.202301161003/tools/bin/../lib/gcc/arm-none-eabi/10.3.1/../../../../arm-none-eabi/lib/thumb/v7-m/nofp\libc_nano.a(lib_a-exit.o)
                              c:/program files/stm32cubeide_1.12.0/stm32cubeide/plugins/com.st.stm32cube.ide.mcu.externaltools.gnu-tools-for-stm32.10.3-2021.10.win32_1.0.200.202301161003/tools/bin/../lib/gcc/arm-none-eabi/10.3.1/../../../../arm-none-eabi/lib/thumb/v7-m/nofp/crt0.o (exit)
c:/program files/stm32cubeide_1.12.0/stm32cubeide/plugins/com.st.stm32cube.ide.mcu.externaltools.gnu-tools-for-stm32.10.3-2021.10.win32_1.0.200.202301161003/tools/bin/../lib/gcc/arm-none-eabi/10.3.1/../../../../arm-none-eabi/lib/thumb/v7-m/nofp\libc_nano.a(lib_a-impure.o)
                              c:/program files/stm32cubeide_1.12.0/stm32cubeide/plugins/com.st.stm32cube.ide.mcu.externaltools.gnu-tools-for-stm32.10.3-2021.10.win32_1.0.200.202301161003/tools/bin/../lib/gcc/arm-none-eabi/10.3.1/../../../../arm-none-eabi/lib/thumb/v7-m/nofp\libc_nano.a(lib_a-exit.o) (_global_impure_ptr)
c:/program files/stm32cubeide_1.12.0/stm32cubeide/plugins/com.st.stm32cube.ide.mcu.externaltools.gnu-tools-for-stm32.10.3-2021.10.win32_1.0.200.202301161003/tools/bin/../lib/gcc/arm-none-eabi/10.3.1/../../../../arm-none-eabi/lib/thumb/v7-m/nofp\libc_nano.a(lib_a-init.o)
                              c:/program files/stm32cubeide_1.12.0/stm32cubeide/plugins/com.st.stm32cube.ide.mcu.externaltools.gnu-tools-for-stm32.10.3-2021.10.win32_1.0.200.202301161003/tools/bin/../lib/gcc/arm-none-eabi/10.3.1/../../../../arm-none-eabi/lib/thumb/v7-m/nofp/crt0.o (__libc_init_array)
c:/program files/stm32cubeide_1.12.0/stm32cubeide/plugins/com.st.stm32cube.ide.mcu.externaltools.gnu-tools-for-stm32.10.3-2021.10.win32_1.0.200.202301161003/tools/bin/../lib/gcc/arm-none-eabi/10.3.1/../../../../arm-none-eabi/lib/thumb/v7-m/nofp\libc_nano.a(lib_a-memset.o)
                              c:/program files/stm32cubeide_1.12.0/stm32cubeide/plugins/com.st.stm32cube.ide.mcu.externaltools.gnu-tools-for-stm32.10.3-2021.10.win32_1.0.200.202301161003/tools/bin/../lib/gcc/arm-none-eabi/10.3.1/../../../../arm-none-eabi/lib/thumb/v7-m/nofp/crt0.o (memset)

Discarded input sections

 .text          0x0000000000000000        0x0 c:/program files/stm32cubeide_1.12.0/stm32cubeide/plugins/com.st.stm32cube.ide.mcu.externaltools.gnu-tools-for-stm32.10.3-2021.10.win32_1.0.200.202301161003/tools/bin/../lib/gcc/arm-none-eabi/10.3.1/thumb/v7-m/nofp/crti.o
 .data          0x0000000000000000        0x0 c:/program files/stm32cubeide_1.12.0/stm32cubeide/plugins/com.st.stm32cube.ide.mcu.externaltools.gnu-tools-for-stm32.10.3-2021.10.win32_1.0.200.202301161003/tools/bin/../lib/gcc/arm-none-eabi/10.3.1/thumb/v7-m/nofp/crti.o
 .bss           0x0000000000000000        0x0 c:/program files/stm32cubeide_1.12.0/stm32cubeide/plugins/com.st.stm32cube.ide.mcu.externaltools.gnu-tools-for-stm32.10.3-2021.10.win32_1.0.200.202301161003/tools/bin/../lib/gcc/arm-none-eabi/10.3.1/thumb/v7-m/nofp/crti.o
 .data          0x0000000000000000        0x4 c:/program files/stm32cubeide_1.12.0/stm32cubeide/plugins/com.st.stm32cube.ide.mcu.externaltools.gnu-tools-for-stm32.10.3-2021.10.win32_1.0.200.202301161003/tools/bin/../lib/gcc/arm-none-eabi/10.3.1/thumb/v7-m/nofp/crtbegin.o
 .rodata        0x0000000000000000       0x24 c:/program files/stm32cubeide_1.12.0/stm32cubeide/plugins/com.st.stm32cube.ide.mcu.externaltools.gnu-tools-for-stm32.10.3-2021.10.win32_1.0.200.202301161003/tools/bin/../lib/gcc/arm-none-eabi/10.3.1/thumb/v7-m/nofp/crtbegin.o
 .text          0x0000000000000000       0x7c c:/program files/stm32cubeide_1.12.0/stm32cubeide/plugins/com.st.stm32cube.ide.mcu.externaltools.gnu-tools-for-stm32.10.3-2021.10.win32_1.0.200.202301161003/tools/bin/../lib/gcc/arm-none-eabi/10.3.1/../../../../arm-none-eabi/lib/thumb/v7-m/nofp/crt0.o
 .data          0x0000000000000000        0x0 c:/program files/stm32cubeide_1.12.0/stm32cubeide/plugins/com.st.stm32cube.ide.mcu.externaltools.gnu-tools-for-stm32.10.3-2021.10.win32_1.0.200.202301161003/tools/bin/../lib/gcc/arm-none-eabi/10.3.1/../../../../arm-none-eabi/lib/thumb/v7-m/nofp/crt0.o
 .bss           0x0000000000000000        0x0 c:/program files/stm32cubeide_1.12.0/stm32cubeide/plugins/com.st.stm32cube.ide.mcu.externaltools.gnu-tools-for-stm32.10.3-2021.10.win32_1.0.200.202301161003/tools/bin/../lib/gcc/arm-none-eabi/10.3.1/../../../../arm-none-eabi/lib/thumb/v7-m/nofp/crt0.o
[...]
Memory Configuration

Name             Origin             Length             Attributes
RAM              0x0000000020000000 0x0000000000002800 xrw
FLASH            0x0000000008000000 0x0000000000008000 xr
*default*        0x0000000000000000 0xffffffffffffffff

Linker script and memory map

LOAD c:/program files/stm32cubeide_1.12.0/stm32cubeide/plugins/com.st.stm32cube.ide.mcu.externaltools.gnu-tools-for-stm32.10.3-2021.10.win32_1.0.200.202301161003/tools/bin/../lib/gcc/arm-none-eabi/10.3.1/thumb/v7-m/nofp/crti.o
LOAD c:/program files/stm32cubeide_1.12.0/stm32cubeide/plugins/com.st.stm32cube.ide.mcu.externaltools.gnu-tools-for-stm32.10.3-2021.10.win32_1.0.200.202301161003/tools/bin/../lib/gcc/arm-none-eabi/10.3.1/thumb/v7-m/nofp/crtbegin.o
LOAD c:/program files/stm32cubeide_1.12.0/stm32cubeide/plugins/com.st.stm32cube.ide.mcu.externaltools.gnu-tools-for-stm32.10.3-2021.10.win32_1.0.200.202301161003/tools/bin/../lib/gcc/arm-none-eabi/10.3.1/../../../../arm-none-eabi/lib/thumb/v7-m/nofp/crt0.o
LOAD ./Core/Src/gpio.o
LOAD ./Core/Src/main.o
LOAD ./Core/Src/stm32f1xx_hal_msp.o
LOAD ./Core/Src/stm32f1xx_it.o
LOAD ./Core/Src/syscalls.o
LOAD ./Core/Src/sysmem.o
LOAD ./Core/Src/system_stm32f1xx.o
LOAD ./Core/Startup/startup_stm32f103c6tx.o
LOAD ./Drivers/STM32F1xx_HAL_Driver/Src/stm32f1xx_hal.o
LOAD ./Drivers/STM32F1xx_HAL_Driver/Src/stm32f1xx_hal_cortex.o
LOAD ./Drivers/STM32F1xx_HAL_Driver/Src/stm32f1xx_hal_dma.o
LOAD ./Drivers/STM32F1xx_HAL_Driver/Src/stm32f1xx_hal_exti.o
LOAD ./Drivers/STM32F1xx_HAL_Driver/Src/stm32f1xx_hal_flash.o
LOAD ./Drivers/STM32F1xx_HAL_Driver/Src/stm32f1xx_hal_flash_ex.o
LOAD ./Drivers/STM32F1xx_HAL_Driver/Src/stm32f1xx_hal_gpio.o
LOAD ./Drivers/STM32F1xx_HAL_Driver/Src/stm32f1xx_hal_gpio_ex.o
LOAD ./Drivers/STM32F1xx_HAL_Driver/Src/stm32f1xx_hal_pcd.o
LOAD ./Drivers/STM32F1xx_HAL_Driver/Src/stm32f1xx_hal_pcd_ex.o
LOAD ./Drivers/STM32F1xx_HAL_Driver/Src/stm32f1xx_hal_pwr.o
LOAD ./Drivers/STM32F1xx_HAL_Driver/Src/stm32f1xx_hal_rcc.o
LOAD ./Drivers/STM32F1xx_HAL_Driver/Src/stm32f1xx_hal_rcc_ex.o
LOAD ./Drivers/STM32F1xx_HAL_Driver/Src/stm32f1xx_hal_tim.o
LOAD ./Drivers/STM32F1xx_HAL_Driver/Src/stm32f1xx_hal_tim_ex.o
LOAD ./Drivers/STM32F1xx_HAL_Driver/Src/stm32f1xx_ll_usb.o
LOAD ./Middlewares/ST/STM32_USB_Device_Library/Class/HID/Src/usbd_hid.o
LOAD ./Middlewares/ST/STM32_USB_Device_Library/Core/Src/usbd_core.o
LOAD ./Middlewares/ST/STM32_USB_Device_Library/Core/Src/usbd_ctlreq.o
LOAD ./Middlewares/ST/STM32_USB_Device_Library/Core/Src/usbd_ioreq.o
LOAD ./USB_DEVICE/App/usb_device.o
LOAD ./USB_DEVICE/App/usbd_desc.o
LOAD ./USB_DEVICE/Target/usbd_conf.o
START GROUP
LOAD c:/program files/stm32cubeide_1.12.0/stm32cubeide/plugins/com.st.stm32cube.ide.mcu.externaltools.gnu-tools-for-stm32.10.3-2021.10.win32_1.0.200.202301161003/tools/bin/../lib/gcc/arm-none-eabi/10.3.1/../../../../arm-none-eabi/lib/thumb/v7-m/nofp\libc_nano.a
LOAD c:/program files/stm32cubeide_1.12.0/stm32cubeide/plugins/com.st.stm32cube.ide.mcu.externaltools.gnu-tools-for-stm32.10.3-2021.10.win32_1.0.200.202301161003/tools/bin/../lib/gcc/arm-none-eabi/10.3.1/../../../../arm-none-eabi/lib/thumb/v7-m/nofp\libm.a
END GROUP
START GROUP
LOAD c:/program files/stm32cubeide_1.12.0/stm32cubeide/plugins/com.st.stm32cube.ide.mcu.externaltools.gnu-tools-for-stm32.10.3-2021.10.win32_1.0.200.202301161003/tools/bin/../lib/gcc/arm-none-eabi/10.3.1/thumb/v7-m/nofp\libgcc.a
LOAD c:/program files/stm32cubeide_1.12.0/stm32cubeide/plugins/com.st.stm32cube.ide.mcu.externaltools.gnu-tools-for-stm32.10.3-2021.10.win32_1.0.200.202301161003/tools/bin/../lib/gcc/arm-none-eabi/10.3.1/../../../../arm-none-eabi/lib/thumb/v7-m/nofp\libc_nano.a
END GROUP
START GROUP
LOAD c:/program files/stm32cubeide_1.12.0/stm32cubeide/plugins/com.st.stm32cube.ide.mcu.externaltools.gnu-tools-for-stm32.10.3-2021.10.win32_1.0.200.202301161003/tools/bin/../lib/gcc/arm-none-eabi/10.3.1/thumb/v7-m/nofp\libgcc.a
LOAD c:/program files/stm32cubeide_1.12.0/stm32cubeide/plugins/com.st.stm32cube.ide.mcu.externaltools.gnu-tools-for-stm32.10.3-2021.10.win32_1.0.200.202301161003/tools/bin/../lib/gcc/arm-none-eabi/10.3.1/../../../../arm-none-eabi/lib/thumb/v7-m/nofp\libc_nano.a
LOAD c:/program files/stm32cubeide_1.12.0/stm32cubeide/plugins/com.st.stm32cube.ide.mcu.externaltools.gnu-tools-for-stm32.10.3-2021.10.win32_1.0.200.202301161003/tools/bin/../lib/gcc/arm-none-eabi/10.3.1/../../../../arm-none-eabi/lib/thumb/v7-m/nofp\libnosys.a
END GROUP
START GROUP
LOAD c:/program files/stm32cubeide_1.12.0/stm32cubeide/plugins/com.st.stm32cube.ide.mcu.externaltools.gnu-tools-for-stm32.10.3-2021.10.win32_1.0.200.202301161003/tools/bin/../lib/gcc/arm-none-eabi/10.3.1/thumb/v7-m/nofp\libgcc.a
LOAD c:/program files/stm32cubeide_1.12.0/stm32cubeide/plugins/com.st.stm32cube.ide.mcu.externaltools.gnu-tools-for-stm32.10.3-2021.10.win32_1.0.200.202301161003/tools/bin/../lib/gcc/arm-none-eabi/10.3.1/../../../../arm-none-eabi/lib/thumb/v7-m/nofp\libc_nano.a
LOAD c:/program files/stm32cubeide_1.12.0/stm32cubeide/plugins/com.st.stm32cube.ide.mcu.externaltools.gnu-tools-for-stm32.10.3-2021.10.win32_1.0.200.202301161003/tools/bin/../lib/gcc/arm-none-eabi/10.3.1/../../../../arm-none-eabi/lib/thumb/v7-m/nofp\libnosys.a
END GROUP
LOAD c:/program files/stm32cubeide_1.12.0/stm32cubeide/plugins/com.st.stm32cube.ide.mcu.externaltools.gnu-tools-for-stm32.10.3-2021.10.win32_1.0.200.202301161003/tools/bin/../lib/gcc/arm-none-eabi/10.3.1/thumb/v7-m/nofp/crtend.o
LOAD c:/program files/stm32cubeide_1.12.0/stm32cubeide/plugins/com.st.stm32cube.ide.mcu.externaltools.gnu-tools-for-stm32.10.3-2021.10.win32_1.0.200.202301161003/tools/bin/../lib/gcc/arm-none-eabi/10.3.1/thumb/v7-m/nofp/crtn.o
                0x0000000020002800                _estack = (ORIGIN (RAM) + LENGTH (RAM))
                0x0000000000000200                _Min_Heap_Size = 0x200
                0x0000000000000400                _Min_Stack_Size = 0x400

.isr_vector     0x0000000008000000      0x10c
                0x0000000008000000                . = ALIGN (0x4)
 *(.isr_vector)
 .isr_vector    0x0000000008000000      0x10c ./Core/Startup/startup_stm32f103c6tx.o
                0x0000000008000000                g_pfnVectors
                0x000000000800010c                . = ALIGN (0x4)

.text           0x000000000800010c     0x3224
                0x000000000800010c                . = ALIGN (0x4)
 *(.text)
 .text          0x000000000800010c       0x40 c:/program files/stm32cubeide_1.12.0/stm32cubeide/plugins/com.st.stm32cube.ide.mcu.externaltools.gnu-tools-for-stm32.10.3-2021.10.win32_1.0.200.202301161003/tools/bin/../lib/gcc/arm-none-eabi/10.3.1/thumb/v7-m/nofp/crtbegin.o
 *(.text*)
 .text.MX_GPIO_Init
                0x000000000800014c       0xdc ./Core/Src/gpio.o
                0x000000000800014c                MX_GPIO_Init
 .text.SystemClock_Config
                0x0000000008000228       0x80 ./Core/Src/main.o
                0x0000000008000228                SystemClock_Config
 .text.startup.main
                0x00000000080002a8      0x304 ./Core/Src/main.o
                0x00000000080002a8                main
 .text.Error_Handler
                0x00000000080005ac        0x4 ./Core/Src/main.o
                0x00000000080005ac                Error_Handler
 .text.HAL_MspInit
                0x00000000080005b0       0x44 ./Core/Src/stm32f1xx_hal_msp.o
                0x00000000080005b0                HAL_MspInit
 .text.NMI_Handler
                0x00000000080005f4        0x2 ./Core/Src/stm32f1xx_it.o
                0x00000000080005f4                NMI_Handler
 .text.HardFault_Handler
                0x00000000080005f6        0x2 ./Core/Src/stm32f1xx_it.o
                0x00000000080005f6                HardFault_Handler
 .text.MemManage_Handler
                0x00000000080005f8        0x2 ./Core/Src/stm32f1xx_it.o
                0x00000000080005f8                MemManage_Handler
 .text.BusFault_Handler
                0x00000000080005fa        0x2 ./Core/Src/stm32f1xx_it.o
                0x00000000080005fa                BusFault_Handler
 .text.UsageFault_Handler
                0x00000000080005fc        0x2 ./Core/Src/stm32f1xx_it.o
                0x00000000080005fc                UsageFault_Handler
 .text.SVC_Handler
                0x00000000080005fe        0x2 ./Core/Src/stm32f1xx_it.o
                0x00000000080005fe                SVC_Handler
 .text.DebugMon_Handler
                0x0000000008000600        0x2 ./Core/Src/stm32f1xx_it.o
                0x0000000008000600                DebugMon_Handler
 .text.PendSV_Handler
                0x0000000008000602        0x2 ./Core/Src/stm32f1xx_it.o
                0x0000000008000602                PendSV_Handler
 .text.SysTick_Handler
                0x0000000008000604        0x4 ./Core/Src/stm32f1xx_it.o
                0x0000000008000604                SysTick_Handler
 .text.EXTI0_IRQHandler
                0x0000000008000608        0x6 ./Core/Src/stm32f1xx_it.o
                0x0000000008000608                EXTI0_IRQHandler
 .text.EXTI1_IRQHandler
                0x000000000800060e        0x6 ./Core/Src/stm32f1xx_it.o
                0x000000000800060e                EXTI1_IRQHandler
 .text.USB_LP_CAN1_RX0_IRQHandler
                0x0000000008000614        0xc ./Core/Src/stm32f1xx_it.o
                0x0000000008000614                USB_LP_CAN1_RX0_IRQHandler
 .text.SystemInit
                0x0000000008000620        0x2 ./Core/Src/system_stm32f1xx.o
                0x0000000008000620                SystemInit
 *fill*         0x0000000008000622        0x2 
 .text.Reset_Handler
                0x0000000008000624       0x48 ./Core/Startup/startup_stm32f103c6tx.o
                0x0000000008000624                Reset_Handler
 .text.Default_Handler
                0x000000000800066c        0x2 ./Core/Startup/startup_stm32f103c6tx.o
                0x000000000800066c                RTC_Alarm_IRQHandler
                0x000000000800066c                EXTI2_IRQHandler
                0x000000000800066c                TIM1_CC_IRQHandler
                0x000000000800066c                PVD_IRQHandler
                0x000000000800066c                EXTI3_IRQHandler
                0x000000000800066c                ADC1_2_IRQHandler
                0x000000000800066c                SPI1_IRQHandler
                0x000000000800066c                TAMPER_IRQHandler
                0x000000000800066c                DMA1_Channel4_IRQHandler
                0x000000000800066c                RTC_IRQHandler
                0x000000000800066c                DMA1_Channel7_IRQHandler
                0x000000000800066c                CAN1_RX1_IRQHandler
                0x000000000800066c                I2C1_EV_IRQHandler
                0x000000000800066c                DMA1_Channel6_IRQHandler
                0x000000000800066c                TIM3_IRQHandler
                0x000000000800066c                RCC_IRQHandler
                0x000000000800066c                TIM1_TRG_COM_IRQHandler
                0x000000000800066c                DMA1_Channel1_IRQHandler
                0x000000000800066c                Default_Handler
                0x000000000800066c                EXTI15_10_IRQHandler
                0x000000000800066c                EXTI9_5_IRQHandler
                0x000000000800066c                DMA1_Channel5_IRQHandler
                0x000000000800066c                EXTI4_IRQHandler
                0x000000000800066c                USB_HP_CAN1_TX_IRQHandler
                0x000000000800066c                DMA1_Channel3_IRQHandler
                0x000000000800066c                TIM1_UP_IRQHandler
                0x000000000800066c                WWDG_IRQHandler
                0x000000000800066c                TIM2_IRQHandler
                0x000000000800066c                TIM1_BRK_IRQHandler
                0x000000000800066c                USART2_IRQHandler
                0x000000000800066c                DMA1_Channel2_IRQHandler
                0x000000000800066c                CAN1_SCE_IRQHandler
                0x000000000800066c                FLASH_IRQHandler
                0x000000000800066c                USART1_IRQHandler
                0x000000000800066c                I2C1_ER_IRQHandler
                0x000000000800066c                USBWakeUp_IRQHandler
 *fill*         0x000000000800066e        0x2 
 .text.HAL_InitTick
                0x0000000008000670       0x48 ./Drivers/STM32F1xx_HAL_Driver/Src/stm32f1xx_hal.o
                0x0000000008000670                HAL_InitTick
 .text.HAL_Init
                0x00000000080006b8       0x24 ./Drivers/STM32F1xx_HAL_Driver/Src/stm32f1xx_hal.o
                0x00000000080006b8                HAL_Init
 .text.HAL_IncTick
                0x00000000080006dc       0x18 ./Drivers/STM32F1xx_HAL_Driver/Src/stm32f1xx_hal.o
                0x00000000080006dc                HAL_IncTick
 .text.HAL_GetTick
                0x00000000080006f4        0xc ./Drivers/STM32F1xx_HAL_Driver/Src/stm32f1xx_hal.o
                0x00000000080006f4                HAL_GetTick
 .text.HAL_NVIC_SetPriorityGrouping
                0x0000000008000700       0x24 ./Drivers/STM32F1xx_HAL_Driver/Src/stm32f1xx_hal_cortex.o
                0x0000000008000700                HAL_NVIC_SetPriorityGrouping
 .text.HAL_NVIC_SetPriority
                0x0000000008000724       0x64 ./Drivers/STM32F1xx_HAL_Driver/Src/stm32f1xx_hal_cortex.o
                0x0000000008000724                HAL_NVIC_SetPriority
 .text.HAL_NVIC_EnableIRQ
                0x0000000008000788       0x1c ./Drivers/STM32F1xx_HAL_Driver/Src/stm32f1xx_hal_cortex.o
                0x0000000008000788                HAL_NVIC_EnableIRQ
 .text.HAL_SYSTICK_Config
                0x00000000080007a4       0x28 ./Drivers/STM32F1xx_HAL_Driver/Src/stm32f1xx_hal_cortex.o
                0x00000000080007a4                HAL_SYSTICK_Config
 .text.HAL_GPIO_Init
                0x00000000080007cc      0x1ac ./Drivers/STM32F1xx_HAL_Driver/Src/stm32f1xx_hal_gpio.o
                0x00000000080007cc                HAL_GPIO_Init
 .text.HAL_GPIO_ReadPin
                0x0000000008000978        0xc ./Drivers/STM32F1xx_HAL_Driver/Src/stm32f1xx_hal_gpio.o
                0x0000000008000978                HAL_GPIO_ReadPin
 .text.HAL_GPIO_WritePin
                0x0000000008000984        0xa ./Drivers/STM32F1xx_HAL_Driver/Src/stm32f1xx_hal_gpio.o
                0x0000000008000984                HAL_GPIO_WritePin
 .text.HAL_GPIO_EXTI_Callback
                0x000000000800098e        0x2 ./Drivers/STM32F1xx_HAL_Driver/Src/stm32f1xx_hal_gpio.o
                0x000000000800098e                HAL_GPIO_EXTI_Callback
 .text.HAL_GPIO_EXTI_IRQHandler
                0x0000000008000990       0x18 ./Drivers/STM32F1xx_HAL_Driver/Src/stm32f1xx_hal_gpio.o
                0x0000000008000990                HAL_GPIO_EXTI_IRQHandler
 .text.HAL_PCD_Init
                0x00000000080009a8       0xf0 ./Drivers/STM32F1xx_HAL_Driver/Src/stm32f1xx_hal_pcd.o
                0x00000000080009a8                HAL_PCD_Init
 .text.HAL_PCD_Start
                0x0000000008000a98       0x32 ./Drivers/STM32F1xx_HAL_Driver/Src/stm32f1xx_hal_pcd.o
                0x0000000008000a98                HAL_PCD_Start
 .text.HAL_PCD_SetAddress
                0x0000000008000aca       0x28 ./Drivers/STM32F1xx_HAL_Driver/Src/stm32f1xx_hal_pcd.o
                0x0000000008000aca                HAL_PCD_SetAddress
 *fill*         0x0000000008000af2        0x2 
 .text.HAL_PCD_IRQHandler
                0x0000000008000af4      0x9bc ./Drivers/STM32F1xx_HAL_Driver/Src/stm32f1xx_hal_pcd.o
                0x0000000008000af4                HAL_PCD_IRQHandler
 .text.HAL_PCD_EP_Open
                0x00000000080014b0       0x5e ./Drivers/STM32F1xx_HAL_Driver/Src/stm32f1xx_hal_pcd.o
                0x00000000080014b0                HAL_PCD_EP_Open
 .text.HAL_PCD_EP_Close
                0x000000000800150e       0x50 ./Drivers/STM32F1xx_HAL_Driver/Src/stm32f1xx_hal_pcd.o
                0x000000000800150e                HAL_PCD_EP_Close
 .text.HAL_PCD_EP_Receive
                0x000000000800155e       0x2e ./Drivers/STM32F1xx_HAL_Driver/Src/stm32f1xx_hal_pcd.o
                0x000000000800155e                HAL_PCD_EP_Receive
 .text.HAL_PCD_EP_Transmit
                0x000000000800158c       0x34 ./Drivers/STM32F1xx_HAL_Driver/Src/stm32f1xx_hal_pcd.o
                0x000000000800158c                HAL_PCD_EP_Transmit
 .text.HAL_PCD_EP_SetStall
                0x00000000080015c0       0x68 ./Drivers/STM32F1xx_HAL_Driver/Src/stm32f1xx_hal_pcd.o
                0x00000000080015c0                HAL_PCD_EP_SetStall
 .text.HAL_PCD_EP_ClrStall
                0x0000000008001628       0x62 ./Drivers/STM32F1xx_HAL_Driver/Src/stm32f1xx_hal_pcd.o
                0x0000000008001628                HAL_PCD_EP_ClrStall
 .text.HAL_PCDEx_PMAConfig
                0x000000000800168a       0x32 ./Drivers/STM32F1xx_HAL_Driver/Src/stm32f1xx_hal_pcd_ex.o
                0x000000000800168a                HAL_PCDEx_PMAConfig
 .text.HAL_RCC_OscConfig
                0x00000000080016bc      0x338 ./Drivers/STM32F1xx_HAL_Driver/Src/stm32f1xx_hal_rcc.o
                0x00000000080016bc                HAL_RCC_OscConfig
 .text.HAL_RCC_GetSysClockFreq
                0x00000000080019f4       0x4c ./Drivers/STM32F1xx_HAL_Driver/Src/stm32f1xx_hal_rcc.o
                0x00000000080019f4                HAL_RCC_GetSysClockFreq
 .text.HAL_RCC_ClockConfig
                0x0000000008001a40      0x138 ./Drivers/STM32F1xx_HAL_Driver/Src/stm32f1xx_hal_rcc.o
                0x0000000008001a40                HAL_RCC_ClockConfig
 .text.HAL_RCCEx_PeriphCLKConfig
                0x0000000008001b78       0xf4 ./Drivers/STM32F1xx_HAL_Driver/Src/stm32f1xx_hal_rcc_ex.o
                0x0000000008001b78                HAL_RCCEx_PeriphCLKConfig
 .text.USB_CoreInit
                0x0000000008001c6c        0xe ./Drivers/STM32F1xx_HAL_Driver/Src/stm32f1xx_ll_usb.o
                0x0000000008001c6c                USB_CoreInit
 .text.USB_EnableGlobalInt
                0x0000000008001c7a       0x12 ./Drivers/STM32F1xx_HAL_Driver/Src/stm32f1xx_ll_usb.o
                0x0000000008001c7a                USB_EnableGlobalInt
 .text.USB_DisableGlobalInt
                0x0000000008001c8c       0x14 ./Drivers/STM32F1xx_HAL_Driver/Src/stm32f1xx_ll_usb.o
                0x0000000008001c8c                USB_DisableGlobalInt
 .text.USB_SetCurrentMode
                0x0000000008001ca0        0x4 ./Drivers/STM32F1xx_HAL_Driver/Src/stm32f1xx_ll_usb.o
                0x0000000008001ca0                USB_SetCurrentMode
 .text.USB_DevInit
                0x0000000008001ca4       0x28 ./Drivers/STM32F1xx_HAL_Driver/Src/stm32f1xx_ll_usb.o
                0x0000000008001ca4                USB_DevInit
 .text.USB_ActivateEndpoint
                0x0000000008001ccc      0x2c4 ./Drivers/STM32F1xx_HAL_Driver/Src/stm32f1xx_ll_usb.o
                0x0000000008001ccc                USB_ActivateEndpoint
 .text.USB_DeactivateEndpoint
                0x0000000008001f90      0x1a2 ./Drivers/STM32F1xx_HAL_Driver/Src/stm32f1xx_ll_usb.o
                0x0000000008001f90                USB_DeactivateEndpoint
 .text.USB_EPSetStall
                0x0000000008002132       0x40 ./Drivers/STM32F1xx_HAL_Driver/Src/stm32f1xx_ll_usb.o
                0x0000000008002132                USB_EPSetStall
 .text.USB_EPClearStall
                0x0000000008002172       0x92 ./Drivers/STM32F1xx_HAL_Driver/Src/stm32f1xx_ll_usb.o
                0x0000000008002172                USB_EPClearStall
 .text.USB_SetDevAddress
                0x0000000008002204        0xc ./Drivers/STM32F1xx_HAL_Driver/Src/stm32f1xx_ll_usb.o
                0x0000000008002204                USB_SetDevAddress
 .text.USB_DevConnect
                0x0000000008002210        0x4 ./Drivers/STM32F1xx_HAL_Driver/Src/stm32f1xx_ll_usb.o
                0x0000000008002210                USB_DevConnect
 .text.USB_DevDisconnect
                0x0000000008002214        0x4 ./Drivers/STM32F1xx_HAL_Driver/Src/stm32f1xx_ll_usb.o
                0x0000000008002214                USB_DevDisconnect
 .text.USB_ReadInterrupts
                0x0000000008002218        0x8 ./Drivers/STM32F1xx_HAL_Driver/Src/stm32f1xx_ll_usb.o
                0x0000000008002218                USB_ReadInterrupts
 .text.USB_EP0_OutStart
                0x0000000008002220        0x4 ./Drivers/STM32F1xx_HAL_Driver/Src/stm32f1xx_ll_usb.o
                0x0000000008002220                USB_EP0_OutStart
 .text.USB_WritePMA
                0x0000000008002224       0x20 ./Drivers/STM32F1xx_HAL_Driver/Src/stm32f1xx_ll_usb.o
                0x0000000008002224                USB_WritePMA
 .text.USB_EPStartXfer
                0x0000000008002244      0x470 ./Drivers/STM32F1xx_HAL_Driver/Src/stm32f1xx_ll_usb.o
                0x0000000008002244                USB_EPStartXfer
 .text.USB_ReadPMA
                0x00000000080026b4       0x38 ./Drivers/STM32F1xx_HAL_Driver/Src/stm32f1xx_ll_usb.o
                0x00000000080026b4                USB_ReadPMA
 .text.USBD_HID_GetFSCfgDesc
                0x00000000080026ec        0xc ./Middlewares/ST/STM32_USB_Device_Library/Class/HID/Src/usbd_hid.o
 .text.USBD_HID_GetHSCfgDesc
                0x00000000080026f8        0xc ./Middlewares/ST/STM32_USB_Device_Library/Class/HID/Src/usbd_hid.o
 .text.USBD_HID_GetOtherSpeedCfgDesc
                0x0000000008002704        0xc ./Middlewares/ST/STM32_USB_Device_Library/Class/HID/Src/usbd_hid.o
 .text.USBD_HID_DataIn
                0x0000000008002710        0xa ./Middlewares/ST/STM32_USB_Device_Library/Class/HID/Src/usbd_hid.o
 *fill*         0x000000000800271a        0x2 
 .text.USBD_HID_GetDeviceQualifierDesc
                0x000000000800271c        0xc ./Middlewares/ST/STM32_USB_Device_Library/Class/HID/Src/usbd_hid.o
 .text.USBD_HID_Setup
                0x0000000008002728       0xd4 ./Middlewares/ST/STM32_USB_Device_Library/Class/HID/Src/usbd_hid.o
 .text.USBD_HID_DeInit
                0x00000000080027fc       0x20 ./Middlewares/ST/STM32_USB_Device_Library/Class/HID/Src/usbd_hid.o
 .text.USBD_HID_Init
                0x000000000800281c       0x2a ./Middlewares/ST/STM32_USB_Device_Library/Class/HID/Src/usbd_hid.o
 .text.USBD_HID_SendReport
                0x0000000008002846       0x24 ./Middlewares/ST/STM32_USB_Device_Library/Class/HID/Src/usbd_hid.o
                0x0000000008002846                USBD_HID_SendReport
 .text.USBD_HID_GetState
                0x000000000800286a        0x8 ./Middlewares/ST/STM32_USB_Device_Library/Class/HID/Src/usbd_hid.o
                0x000000000800286a                USBD_HID_GetState
 .text.USBD_Init
                0x0000000008002872       0x2a ./Middlewares/ST/STM32_USB_Device_Library/Core/Src/usbd_core.o
                0x0000000008002872                USBD_Init
 .text.USBD_RegisterClass
                0x000000000800289c        0xe ./Middlewares/ST/STM32_USB_Device_Library/Core/Src/usbd_core.o
                0x000000000800289c                USBD_RegisterClass
 .text.USBD_Start
                0x00000000080028aa        0xa ./Middlewares/ST/STM32_USB_Device_Library/Core/Src/usbd_core.o
                0x00000000080028aa                USBD_Start
 .text.USBD_SetClassConfig
                0x00000000080028b4       0x16 ./Middlewares/ST/STM32_USB_Device_Library/Core/Src/usbd_core.o
                0x00000000080028b4                USBD_SetClassConfig
 .text.USBD_ClrClassConfig
                0x00000000080028ca        0xe ./Middlewares/ST/STM32_USB_Device_Library/Core/Src/usbd_core.o
                0x00000000080028ca                USBD_ClrClassConfig
 .text.USBD_LL_SetupStage
                0x00000000080028d8       0x5a ./Middlewares/ST/STM32_USB_Device_Library/Core/Src/usbd_core.o
                0x00000000080028d8                USBD_LL_SetupStage
 .text.USBD_LL_DataOutStage
                0x0000000008002932       0x74 ./Middlewares/ST/STM32_USB_Device_Library/Core/Src/usbd_core.o
                0x0000000008002932                USBD_LL_DataOutStage
 .text.USBD_LL_DataInStage
                0x00000000080029a6       0xb6 ./Middlewares/ST/STM32_USB_Device_Library/Core/Src/usbd_core.o
                0x00000000080029a6                USBD_LL_DataInStage
 .text.USBD_LL_Reset
                0x0000000008002a5c       0x4e ./Middlewares/ST/STM32_USB_Device_Library/Core/Src/usbd_core.o
                0x0000000008002a5c                USBD_LL_Reset
 .text.USBD_LL_SetSpeed
                0x0000000008002aaa        0x6 ./Middlewares/ST/STM32_USB_Device_Library/Core/Src/usbd_core.o
                0x0000000008002aaa                USBD_LL_SetSpeed
 .text.USBD_LL_Suspend
                0x0000000008002ab0       0x12 ./Middlewares/ST/STM32_USB_Device_Library/Core/Src/usbd_core.o
                0x0000000008002ab0                USBD_LL_Suspend
 .text.USBD_LL_Resume
                0x0000000008002ac2       0x14 ./Middlewares/ST/STM32_USB_Device_Library/Core/Src/usbd_core.o
                0x0000000008002ac2                USBD_LL_Resume
 .text.USBD_LL_SOF
                0x0000000008002ad6       0x18 ./Middlewares/ST/STM32_USB_Device_Library/Core/Src/usbd_core.o
                0x0000000008002ad6                USBD_LL_SOF
 .text.USBD_CtlError.constprop.0
                0x0000000008002aee       0x16 ./Middlewares/ST/STM32_USB_Device_Library/Core/Src/usbd_ctlreq.o
 .text.USBD_StdDevReq
                0x0000000008002b04      0x254 ./Middlewares/ST/STM32_USB_Device_Library/Core/Src/usbd_ctlreq.o
                0x0000000008002b04                USBD_StdDevReq
 .text.USBD_StdItfReq
                0x0000000008002d58       0x48 ./Middlewares/ST/STM32_USB_Device_Library/Core/Src/usbd_ctlreq.o
                0x0000000008002d58                USBD_StdItfReq
 .text.USBD_StdEPReq
                0x0000000008002da0      0x114 ./Middlewares/ST/STM32_USB_Device_Library/Core/Src/usbd_ctlreq.o
                0x0000000008002da0                USBD_StdEPReq
 .text.USBD_ParseSetupRequest
                0x0000000008002eb4       0x28 ./Middlewares/ST/STM32_USB_Device_Library/Core/Src/usbd_ctlreq.o
                0x0000000008002eb4                USBD_ParseSetupRequest
 .text.USBD_CtlError
                0x0000000008002edc       0x16 ./Middlewares/ST/STM32_USB_Device_Library/Core/Src/usbd_ctlreq.o
                0x0000000008002edc                USBD_CtlError
 .text.USBD_GetString
                0x0000000008002ef2       0x38 ./Middlewares/ST/STM32_USB_Device_Library/Core/Src/usbd_ctlreq.o
                0x0000000008002ef2                USBD_GetString
 .text.USBD_CtlSendData
                0x0000000008002f2a       0x1a ./Middlewares/ST/STM32_USB_Device_Library/Core/Src/usbd_ioreq.o
                0x0000000008002f2a                USBD_CtlSendData
 .text.USBD_CtlContinueSendData
                0x0000000008002f44       0x10 ./Middlewares/ST/STM32_USB_Device_Library/Core/Src/usbd_ioreq.o
                0x0000000008002f44                USBD_CtlContinueSendData
 .text.USBD_CtlContinueRx
                0x0000000008002f54       0x10 ./Middlewares/ST/STM32_USB_Device_Library/Core/Src/usbd_ioreq.o
                0x0000000008002f54                USBD_CtlContinueRx
 .text.USBD_CtlSendStatus
                0x0000000008002f64       0x16 ./Middlewares/ST/STM32_USB_Device_Library/Core/Src/usbd_ioreq.o
                0x0000000008002f64                USBD_CtlSendStatus
 .text.USBD_CtlReceiveStatus
                0x0000000008002f7a       0x16 ./Middlewares/ST/STM32_USB_Device_Library/Core/Src/usbd_ioreq.o
                0x0000000008002f7a                USBD_CtlReceiveStatus
 .text.MX_USB_DEVICE_Init
                0x0000000008002f90       0x40 ./USB_DEVICE/App/usb_device.o
                0x0000000008002f90                MX_USB_DEVICE_Init
 .text.USBD_FS_DeviceDescriptor
                0x0000000008002fd0        0xc ./USB_DEVICE/App/usbd_desc.o
                0x0000000008002fd0                USBD_FS_DeviceDescriptor
 .text.USBD_FS_LangIDStrDescriptor
                0x0000000008002fdc        0xc ./USB_DEVICE/App/usbd_desc.o
                0x0000000008002fdc                USBD_FS_LangIDStrDescriptor
 .text.IntToUnicode
                0x0000000008002fe8       0x2a ./USB_DEVICE/App/usbd_desc.o
 *fill*         0x0000000008003012        0x2 
 .text.USBD_FS_SerialStrDescriptor
                0x0000000008003014       0x3c ./USB_DEVICE/App/usbd_desc.o
                0x0000000008003014                USBD_FS_SerialStrDescriptor
 .text.USBD_FS_ManufacturerStrDescriptor
                0x0000000008003050       0x1c ./USB_DEVICE/App/usbd_desc.o
                0x0000000008003050                USBD_FS_ManufacturerStrDescriptor
 .text.USBD_FS_ProductStrDescriptor
                0x000000000800306c       0x1c ./USB_DEVICE/App/usbd_desc.o
                0x000000000800306c                USBD_FS_ProductStrDescriptor
 .text.USBD_FS_ConfigStrDescriptor
                0x0000000008003088       0x1c ./USB_DEVICE/App/usbd_desc.o
                0x0000000008003088                USBD_FS_ConfigStrDescriptor
 .text.USBD_FS_InterfaceStrDescriptor
                0x00000000080030a4       0x1c ./USB_DEVICE/App/usbd_desc.o
                0x00000000080030a4                USBD_FS_InterfaceStrDescriptor
 .text.USBD_Get_USB_Status
                0x00000000080030c0       0x10 ./USB_DEVICE/Target/usbd_conf.o
 .text.HAL_PCD_MspInit
                0x00000000080030d0       0x40 ./USB_DEVICE/Target/usbd_conf.o
                0x00000000080030d0                HAL_PCD_MspInit
 .text.HAL_PCD_SetupStageCallback
                0x0000000008003110        0xc ./USB_DEVICE/Target/usbd_conf.o
                0x0000000008003110                HAL_PCD_SetupStageCallback
 .text.HAL_PCD_DataOutStageCallback
                0x000000000800311c       0x12 ./USB_DEVICE/Target/usbd_conf.o
                0x000000000800311c                HAL_PCD_DataOutStageCallback
 .text.HAL_PCD_DataInStageCallback
                0x000000000800312e       0x10 ./USB_DEVICE/Target/usbd_conf.o
                0x000000000800312e                HAL_PCD_DataInStageCallback
 .text.HAL_PCD_SOFCallback
                0x000000000800313e        0x8 ./USB_DEVICE/Target/usbd_conf.o
                0x000000000800313e                HAL_PCD_SOFCallback
 .text.HAL_PCD_ResetCallback
                0x0000000008003146       0x24 ./USB_DEVICE/Target/usbd_conf.o
                0x0000000008003146                HAL_PCD_ResetCallback
 *fill*         0x000000000800316a        0x2 
 .text.HAL_PCD_SuspendCallback
                0x000000000800316c       0x20 ./USB_DEVICE/Target/usbd_conf.o
                0x000000000800316c                HAL_PCD_SuspendCallback
 .text.HAL_PCD_ResumeCallback
                0x000000000800318c        0x8 ./USB_DEVICE/Target/usbd_conf.o
                0x000000000800318c                HAL_PCD_ResumeCallback
 .text.USBD_LL_Init
                0x0000000008003194       0x64 ./USB_DEVICE/Target/usbd_conf.o
                0x0000000008003194                USBD_LL_Init
 .text.USBD_LL_Start
                0x00000000080031f8       0x12 ./USB_DEVICE/Target/usbd_conf.o
                0x00000000080031f8                USBD_LL_Start
 .text.USBD_LL_OpenEP
                0x000000000800320a       0x18 ./USB_DEVICE/Target/usbd_conf.o
                0x000000000800320a                USBD_LL_OpenEP
 .text.USBD_LL_CloseEP
                0x0000000008003222       0x12 ./USB_DEVICE/Target/usbd_conf.o
                0x0000000008003222                USBD_LL_CloseEP
 .text.USBD_LL_StallEP
                0x0000000008003234       0x12 ./USB_DEVICE/Target/usbd_conf.o
                0x0000000008003234                USBD_LL_StallEP
 .text.USBD_LL_ClearStallEP
                0x0000000008003246       0x12 ./USB_DEVICE/Target/usbd_conf.o
                0x0000000008003246                USBD_LL_ClearStallEP
 .text.USBD_LL_IsStallEP
                0x0000000008003258       0x24 ./USB_DEVICE/Target/usbd_conf.o
                0x0000000008003258                USBD_LL_IsStallEP
 .text.USBD_LL_SetUSBAddress
                0x000000000800327c       0x12 ./USB_DEVICE/Target/usbd_conf.o
                0x000000000800327c                USBD_LL_SetUSBAddress
 .text.USBD_LL_Transmit
                0x000000000800328e       0x12 ./USB_DEVICE/Target/usbd_conf.o
                0x000000000800328e                USBD_LL_Transmit
 .text.USBD_LL_PrepareReceive
                0x00000000080032a0       0x12 ./USB_DEVICE/Target/usbd_conf.o
                0x00000000080032a0                USBD_LL_PrepareReceive
 *fill*         0x00000000080032b2        0x2 
 .text.USBD_static_malloc
                0x00000000080032b4        0x8 ./USB_DEVICE/Target/usbd_conf.o
                0x00000000080032b4                USBD_static_malloc
 .text.USBD_static_free
                0x00000000080032bc        0x2 ./USB_DEVICE/Target/usbd_conf.o
                0x00000000080032bc                USBD_static_free
 .text.HAL_PCDEx_SetConnectionState
                0x00000000080032be        0x2 ./USB_DEVICE/Target/usbd_conf.o
                0x00000000080032be                HAL_PCDEx_SetConnectionState
 .text.__libc_init_array
                0x00000000080032c0       0x48 c:/program files/stm32cubeide_1.12.0/stm32cubeide/plugins/com.st.stm32cube.ide.mcu.externaltools.gnu-tools-for-stm32.10.3-2021.10.win32_1.0.200.202301161003/tools/bin/../lib/gcc/arm-none-eabi/10.3.1/../../../../arm-none-eabi/lib/thumb/v7-m/nofp\libc_nano.a(lib_a-init.o)
                0x00000000080032c0                __libc_init_array
 .text.memset   0x0000000008003308       0x10 c:/program files/stm32cubeide_1.12.0/stm32cubeide/plugins/com.st.stm32cube.ide.mcu.externaltools.gnu-tools-for-stm32.10.3-2021.10.win32_1.0.200.202301161003/tools/bin/../lib/gcc/arm-none-eabi/10.3.1/../../../../arm-none-eabi/lib/thumb/v7-m/nofp\libc_nano.a(lib_a-memset.o)
                0x0000000008003308                memset
 *(.glue_7)
 .glue_7        0x0000000008003318        0x0 linker stubs
 *(.glue_7t)
 .glue_7t       0x0000000008003318        0x0 linker stubs
 *(.eh_frame)
 .eh_frame      0x0000000008003318        0x0 c:/program files/stm32cubeide_1.12.0/stm32cubeide/plugins/com.st.stm32cube.ide.mcu.externaltools.gnu-tools-for-stm32.10.3-2021.10.win32_1.0.200.202301161003/tools/bin/../lib/gcc/arm-none-eabi/10.3.1/thumb/v7-m/nofp/crtbegin.o
 *(.init)
 .init          0x0000000008003318        0x4 c:/program files/stm32cubeide_1.12.0/stm32cubeide/plugins/com.st.stm32cube.ide.mcu.externaltools.gnu-tools-for-stm32.10.3-2021.10.win32_1.0.200.202301161003/tools/bin/../lib/gcc/arm-none-eabi/10.3.1/thumb/v7-m/nofp/crti.o
                0x0000000008003318                _init
 .init          0x000000000800331c        0x8 c:/program files/stm32cubeide_1.12.0/stm32cubeide/plugins/com.st.stm32cube.ide.mcu.externaltools.gnu-tools-for-stm32.10.3-2021.10.win32_1.0.200.202301161003/tools/bin/../lib/gcc/arm-none-eabi/10.3.1/thumb/v7-m/nofp/crtn.o
 *(.fini)
 .fini          0x0000000008003324        0x4 c:/program files/stm32cubeide_1.12.0/stm32cubeide/plugins/com.st.stm32cube.ide.mcu.externaltools.gnu-tools-for-stm32.10.3-2021.10.win32_1.0.200.202301161003/tools/bin/../lib/gcc/arm-none-eabi/10.3.1/thumb/v7-m/nofp/crti.o
                0x0000000008003324                _fini
 .fini          0x0000000008003328        0x8 c:/program files/stm32cubeide_1.12.0/stm32cubeide/plugins/com.st.stm32cube.ide.mcu.externaltools.gnu-tools-for-stm32.10.3-2021.10.win32_1.0.200.202301161003/tools/bin/../lib/gcc/arm-none-eabi/10.3.1/thumb/v7-m/nofp/crtn.o
                0x0000000008003330                . = ALIGN (0x4)
                0x0000000008003330                _etext = .

.vfp11_veneer   0x0000000008003330        0x0
 .vfp11_veneer  0x0000000008003330        0x0 linker stubs

.v4_bx          0x0000000008003330        0x0
 .v4_bx         0x0000000008003330        0x0 linker stubs

.iplt           0x0000000008003330        0x0
 .iplt          0x0000000008003330        0x0 c:/program files/stm32cubeide_1.12.0/stm32cubeide/plugins/com.st.stm32cube.ide.mcu.externaltools.gnu-tools-for-stm32.10.3-2021.10.win32_1.0.200.202301161003/tools/bin/../lib/gcc/arm-none-eabi/10.3.1/thumb/v7-m/nofp/crtbegin.o

.rodata         0x0000000008003330       0x68
                0x0000000008003330                . = ALIGN (0x4)
 *(.rodata)
 *(.rodata*)
 .rodata.AHBPrescTable
                0x0000000008003330       0x10 ./Core/Src/system_stm32f1xx.o
                0x0000000008003330                AHBPrescTable
 .rodata.aPLLMULFactorTable.1
                0x0000000008003340       0x10 ./Drivers/STM32F1xx_HAL_Driver/Src/stm32f1xx_hal_rcc.o
 .rodata.aPredivFactorTable.0
                0x0000000008003350        0x2 ./Drivers/STM32F1xx_HAL_Driver/Src/stm32f1xx_hal_rcc.o
 .rodata.USBD_FS_ManufacturerStrDescriptor.str1.1
                0x0000000008003352       0x13 ./USB_DEVICE/App/usbd_desc.o
 .rodata.USBD_FS_ProductStrDescriptor.str1.1
                0x0000000008003365       0x16 ./USB_DEVICE/App/usbd_desc.o
 .rodata.USBD_FS_ConfigStrDescriptor.str1.1
                0x000000000800337b        0xb ./USB_DEVICE/App/usbd_desc.o
 .rodata.USBD_FS_InterfaceStrDescriptor.str1.1
                0x0000000008003386        0xe ./USB_DEVICE/App/usbd_desc.o
 .rodata.CSWTCH.3
                0x0000000008003394        0x4 ./USB_DEVICE/Target/usbd_conf.o
                0x0000000008003398                . = ALIGN (0x4)

.rel.dyn        0x0000000008003398        0x0
 .rel.iplt      0x0000000008003398        0x0 c:/program files/stm32cubeide_1.12.0/stm32cubeide/plugins/com.st.stm32cube.ide.mcu.externaltools.gnu-tools-for-stm32.10.3-2021.10.win32_1.0.200.202301161003/tools/bin/../lib/gcc/arm-none-eabi/10.3.1/thumb/v7-m/nofp/crtbegin.o

.ARM.extab      0x0000000008003398        0x0
                0x0000000008003398                . = ALIGN (0x4)
 *(.ARM.extab* .gnu.linkonce.armextab.*)
                0x0000000008003398                . = ALIGN (0x4)

.ARM            0x0000000008003398        0x0
                0x0000000008003398                . = ALIGN (0x4)
                0x0000000008003398                __exidx_start = .
 *(.ARM.exidx*)
                0x0000000008003398                __exidx_end = .
                0x0000000008003398                . = ALIGN (0x4)

.preinit_array  0x0000000008003398        0x0
                0x0000000008003398                . = ALIGN (0x4)
                0x0000000008003398                PROVIDE (__preinit_array_start = .)
 *(.preinit_array*)
                0x0000000008003398                PROVIDE (__preinit_array_end = .)
                0x0000000008003398                . = ALIGN (0x4)

.init_array     0x0000000008003398        0x4
                0x0000000008003398                . = ALIGN (0x4)
                0x0000000008003398                PROVIDE (__init_array_start = .)
 *(SORT_BY_NAME(.init_array.*))
 *(.init_array*)
 .init_array    0x0000000008003398        0x4 c:/program files/stm32cubeide_1.12.0/stm32cubeide/plugins/com.st.stm32cube.ide.mcu.externaltools.gnu-tools-for-stm32.10.3-2021.10.win32_1.0.200.202301161003/tools/bin/../lib/gcc/arm-none-eabi/10.3.1/thumb/v7-m/nofp/crtbegin.o
                0x000000000800339c                PROVIDE (__init_array_end = .)
                0x000000000800339c                . = ALIGN (0x4)

.fini_array     0x000000000800339c        0x4
                0x000000000800339c                . = ALIGN (0x4)
                [!provide]                        PROVIDE (__fini_array_start = .)
 *(SORT_BY_NAME(.fini_array.*))
 *(.fini_array*)
 .fini_array    0x000000000800339c        0x4 c:/program files/stm32cubeide_1.12.0/stm32cubeide/plugins/com.st.stm32cube.ide.mcu.externaltools.gnu-tools-for-stm32.10.3-2021.10.win32_1.0.200.202301161003/tools/bin/../lib/gcc/arm-none-eabi/10.3.1/thumb/v7-m/nofp/crtbegin.o
                [!provide]                        PROVIDE (__fini_array_end = .)
                0x00000000080033a0                . = ALIGN (0x4)
                0x00000000080033a0                _sidata = LOADADDR (.data)

.data           0x0000000020000000      0x148 load address 0x00000000080033a0
                0x0000000020000000                . = ALIGN (0x4)
                0x0000000020000000                _sdata = .
 *(.data)
 *(.data*)
 .data.SystemCoreClock
                0x0000000020000000        0x4 ./Core/Src/system_stm32f1xx.o
                0x0000000020000000                SystemCoreClock
 .data.uwTickFreq
                0x0000000020000004        0x1 ./Drivers/STM32F1xx_HAL_Driver/Src/stm32f1xx_hal.o
                0x0000000020000004                uwTickFreq
 *fill*         0x0000000020000005        0x3 
 .data.uwTickPrio
                0x0000000020000008        0x4 ./Drivers/STM32F1xx_HAL_Driver/Src/stm32f1xx_hal.o
                0x0000000020000008                uwTickPrio
 .data.HID_MOUSE_ReportDesc
                0x000000002000000c       0x2e ./Middlewares/ST/STM32_USB_Device_Library/Class/HID/Src/usbd_hid.o
 *fill*         0x000000002000003a        0x2 
 .data.USBD_HID
                0x000000002000003c       0x38 ./Middlewares/ST/STM32_USB_Device_Library/Class/HID/Src/usbd_hid.o
                0x000000002000003c                USBD_HID
 .data.USBD_HID_CfgFSDesc
                0x0000000020000074       0x22 ./Middlewares/ST/STM32_USB_Device_Library/Class/HID/Src/usbd_hid.o
 *fill*         0x0000000020000096        0x2 
 .data.USBD_HID_CfgHSDesc
                0x0000000020000098       0x22 ./Middlewares/ST/STM32_USB_Device_Library/Class/HID/Src/usbd_hid.o
 *fill*         0x00000000200000ba        0x2 
 .data.USBD_HID_Desc
                0x00000000200000bc        0x9 ./Middlewares/ST/STM32_USB_Device_Library/Class/HID/Src/usbd_hid.o
 *fill*         0x00000000200000c5        0x3 
 .data.USBD_HID_DeviceQualifierDesc
                0x00000000200000c8        0xa ./Middlewares/ST/STM32_USB_Device_Library/Class/HID/Src/usbd_hid.o
 *fill*         0x00000000200000d2        0x2 
 .data.USBD_HID_OtherSpeedCfgDesc
                0x00000000200000d4       0x22 ./Middlewares/ST/STM32_USB_Device_Library/Class/HID/Src/usbd_hid.o
 *fill*         0x00000000200000f6        0x2 
 .data.FS_Desc  0x00000000200000f8       0x1c ./USB_DEVICE/App/usbd_desc.o
                0x00000000200000f8                FS_Desc
 .data.USBD_FS_DeviceDesc
                0x0000000020000114       0x12 ./USB_DEVICE/App/usbd_desc.o
                0x0000000020000114                USBD_FS_DeviceDesc
 *fill*         0x0000000020000126        0x2 
 .data.USBD_LangIDDesc
                0x0000000020000128        0x4 ./USB_DEVICE/App/usbd_desc.o
                0x0000000020000128                USBD_LangIDDesc
 .data.USBD_StringSerial
                0x000000002000012c       0x1a ./USB_DEVICE/App/usbd_desc.o
                0x000000002000012c                USBD_StringSerial
 *(.RamFunc)
 *(.RamFunc*)
                0x0000000020000148                . = ALIGN (0x4)
 *fill*         0x0000000020000146        0x2 
                0x0000000020000148                _edata = .

.igot.plt       0x0000000020000148        0x0 load address 0x00000000080034e8
 .igot.plt      0x0000000020000148        0x0 c:/program files/stm32cubeide_1.12.0/stm32cubeide/plugins/com.st.stm32cube.ide.mcu.externaltools.gnu-tools-for-stm32.10.3-2021.10.win32_1.0.200.202301161003/tools/bin/../lib/gcc/arm-none-eabi/10.3.1/thumb/v7-m/nofp/crtbegin.o
                0x0000000020000148                . = ALIGN (0x4)

.bss            0x0000000020000148      0x7ec load address 0x00000000080034e8
                0x0000000020000148                _sbss = .
                0x0000000020000148                __bss_start__ = _sbss
 *(.bss)
 .bss           0x0000000020000148       0x1c c:/program files/stm32cubeide_1.12.0/stm32cubeide/plugins/com.st.stm32cube.ide.mcu.externaltools.gnu-tools-for-stm32.10.3-2021.10.win32_1.0.200.202301161003/tools/bin/../lib/gcc/arm-none-eabi/10.3.1/thumb/v7-m/nofp/crtbegin.o
 *(.bss*)
 .bss.uwTick    0x0000000020000164        0x4 ./Drivers/STM32F1xx_HAL_Driver/Src/stm32f1xx_hal.o
                0x0000000020000164                uwTick
 .bss.cfgidx.0  0x0000000020000168        0x1 ./Middlewares/ST/STM32_USB_Device_Library/Core/Src/usbd_ctlreq.o
 *fill*         0x0000000020000169        0x3 
 .bss.hUsbDeviceFS
                0x000000002000016c      0x2c4 ./USB_DEVICE/App/usb_device.o
                0x000000002000016c                hUsbDeviceFS
 .bss.USBD_StrDesc
                0x0000000020000430      0x200 ./USB_DEVICE/App/usbd_desc.o
                0x0000000020000430                USBD_StrDesc
 .bss.hpcd_USB_FS
                0x0000000020000630      0x2f0 ./USB_DEVICE/Target/usbd_conf.o
                0x0000000020000630                hpcd_USB_FS
 .bss.mem.0     0x0000000020000920       0x14 ./USB_DEVICE/Target/usbd_conf.o
 *(COMMON)
                0x0000000020000934                . = ALIGN (0x4)
                0x0000000020000934                _ebss = .
                0x0000000020000934                __bss_end__ = _ebss

._user_heap_stack
                0x0000000020000934      0x604 load address 0x00000000080034e8
                0x0000000020000938                . = ALIGN (0x8)
 *fill*         0x0000000020000934        0x4 
                [!provide]                        PROVIDE (end = .)
                0x0000000020000938                PROVIDE (_end = .)
                0x0000000020000b38                . = (. + _Min_Heap_Size)
 *fill*         0x0000000020000938      0x200 
                0x0000000020000f38                . = (. + _Min_Stack_Size)
 *fill*         0x0000000020000b38      0x400 
                0x0000000020000f38                . = ALIGN (0x8)

/DISCARD/
 libc.a(*)
 libm.a(*)
 libgcc.a(*)

.ARM.attributes
                0x0000000000000000       0x29
 *(.ARM.attributes)
 .ARM.attributes
                0x0000000000000000       0x1d c:/program files/stm32cubeide_1.12.0/stm32cubeide/plugins/com.st.stm32cube.ide.mcu.externaltools.gnu-tools-for-stm32.10.3-2021.10.win32_1.0.200.202301161003/tools/bin/../lib/gcc/arm-none-eabi/10.3.1/thumb/v7-m/nofp/crti.o
 .ARM.attributes
                0x000000000000001d       0x2d c:/program files/stm32cubeide_1.12.0/stm32cubeide/plugins/com.st.stm32cube.ide.mcu.externaltools.gnu-tools-for-stm32.10.3-2021.10.win32_1.0.200.202301161003/tools/bin/../lib/gcc/arm-none-eabi/10.3.1/thumb/v7-m/nofp/crtbegin.o
 .ARM.attributes
                0x000000000000004a       0x2d ./Core/Src/gpio.o
 .ARM.attributes
                0x0000000000000077       0x2d ./Core/Src/main.o
 .ARM.attributes
                0x00000000000000a4       0x2d ./Core/Src/stm32f1xx_hal_msp.o
 .ARM.attributes
                0x00000000000000d1       0x2d ./Core/Src/stm32f1xx_it.o
 .ARM.attributes
                0x00000000000000fe       0x2d ./Core/Src/system_stm32f1xx.o
 .ARM.attributes
                0x000000000000012b       0x21 ./Core/Startup/startup_stm32f103c6tx.o
 .ARM.attributes
                0x000000000000014c       0x2d ./Drivers/STM32F1xx_HAL_Driver/Src/stm32f1xx_hal.o
 .ARM.attributes
                0x0000000000000179       0x2d ./Drivers/STM32F1xx_HAL_Driver/Src/stm32f1xx_hal_cortex.o
 .ARM.attributes
                0x00000000000001a6       0x2d ./Drivers/STM32F1xx_HAL_Driver/Src/stm32f1xx_hal_gpio.o
 .ARM.attributes
                0x00000000000001d3       0x2d ./Drivers/STM32F1xx_HAL_Driver/Src/stm32f1xx_hal_pcd.o
 .ARM.attributes
                0x0000000000000200       0x2d ./Drivers/STM32F1xx_HAL_Driver/Src/stm32f1xx_hal_pcd_ex.o
 .ARM.attributes
                0x000000000000022d       0x2d ./Drivers/STM32F1xx_HAL_Driver/Src/stm32f1xx_hal_rcc.o
 .ARM.attributes
                0x000000000000025a       0x2d ./Drivers/STM32F1xx_HAL_Driver/Src/stm32f1xx_hal_rcc_ex.o
 .ARM.attributes
                0x0000000000000287       0x2d ./Drivers/STM32F1xx_HAL_Driver/Src/stm32f1xx_ll_usb.o
 .ARM.attributes
                0x00000000000002b4       0x2d ./Middlewares/ST/STM32_USB_Device_Library/Class/HID/Src/usbd_hid.o
 .ARM.attributes
                0x00000000000002e1       0x2d ./Middlewares/ST/STM32_USB_Device_Library/Core/Src/usbd_core.o
 .ARM.attributes
                0x000000000000030e       0x2d ./Middlewares/ST/STM32_USB_Device_Library/Core/Src/usbd_ctlreq.o
 .ARM.attributes
                0x000000000000033b       0x2d ./Middlewares/ST/STM32_USB_Device_Library/Core/Src/usbd_ioreq.o
 .ARM.attributes
                0x0000000000000368       0x2d ./USB_DEVICE/App/usb_device.o
 .ARM.attributes
                0x0000000000000395       0x2d ./USB_DEVICE/App/usbd_desc.o
 .ARM.attributes
                0x00000000000003c2       0x2d ./USB_DEVICE/Target/usbd_conf.o
 .ARM.attributes
                0x00000000000003ef       0x2d c:/program files/stm32cubeide_1.12.0/stm32cubeide/plugins/com.st.stm32cube.ide.mcu.externaltools.gnu-tools-for-stm32.10.3-2021.10.win32_1.0.200.202301161003/tools/bin/../lib/gcc/arm-none-eabi/10.3.1/../../../../arm-none-eabi/lib/thumb/v7-m/nofp\libc_nano.a(lib_a-init.o)
 .ARM.attributes
                0x000000000000041c       0x2d c:/program files/stm32cubeide_1.12.0/stm32cubeide/plugins/com.st.stm32cube.ide.mcu.externaltools.gnu-tools-for-stm32.10.3-2021.10.win32_1.0.200.202301161003/tools/bin/../lib/gcc/arm-none-eabi/10.3.1/../../../../arm-none-eabi/lib/thumb/v7-m/nofp\libc_nano.a(lib_a-memset.o)
 .ARM.attributes
                0x0000000000000449       0x1d c:/program files/stm32cubeide_1.12.0/stm32cubeide/plugins/com.st.stm32cube.ide.mcu.externaltools.gnu-tools-for-stm32.10.3-2021.10.win32_1.0.200.202301161003/tools/bin/../lib/gcc/arm-none-eabi/10.3.1/thumb/v7-m/nofp/crtn.o
OUTPUT(button-box.elf elf32-littlearm)
LOAD linker stubs
LOAD c:/program files/stm32cubeide_1.12.0/stm32cubeide/plugins/com.st.stm32cube.ide.mcu.externaltools.gnu-tools-for-stm32.10.3-2021.10.win32_1.0.200.202301161003/tools/bin/../lib/gcc/arm-none-eabi/10.3.1/../../../../arm-none-eabi/lib/thumb/v7-m/nofp\libc.a
LOAD c:/program files/stm32cubeide_1.12.0/stm32cubeide/plugins/com.st.stm32cube.ide.mcu.externaltools.gnu-tools-for-stm32.10.3-2021.10.win32_1.0.200.202301161003/tools/bin/../lib/gcc/arm-none-eabi/10.3.1/../../../../arm-none-eabi/lib/thumb/v7-m/nofp\libm.a
LOAD c:/program files/stm32cubeide_1.12.0/stm32cubeide/plugins/com.st.stm32cube.ide.mcu.externaltools.gnu-tools-for-stm32.10.3-2021.10.win32_1.0.200.202301161003/tools/bin/../lib/gcc/arm-none-eabi/10.3.1/thumb/v7-m/nofp\libgcc.a

.comment        0x0000000000000000       0x50
 .comment       0x0000000000000000       0x50 ./Core/Src/gpio.o
                                         0x51 (size before relaxing)
 .comment       0x0000000000000050       0x51 ./Core/Src/main.o
 .comment       0x0000000000000050       0x51 ./Core/Src/stm32f1xx_hal_msp.o
 .comment       0x0000000000000050       0x51 ./Core/Src/stm32f1xx_it.o
 .comment       0x0000000000000050       0x51 ./Core/Src/system_stm32f1xx.o
 .comment       0x0000000000000050       0x51 ./Drivers/STM32F1xx_HAL_Driver/Src/stm32f1xx_hal.o
 .comment       0x0000000000000050       0x51 ./Drivers/STM32F1xx_HAL_Driver/Src/stm32f1xx_hal_cortex.o
 .comment       0x0000000000000050       0x51 ./Drivers/STM32F1xx_HAL_Driver/Src/stm32f1xx_hal_gpio.o
 .comment       0x0000000000000050       0x51 ./Drivers/STM32F1xx_HAL_Driver/Src/stm32f1xx_hal_pcd.o
 .comment       0x0000000000000050       0x51 ./Drivers/STM32F1xx_HAL_Driver/Src/stm32f1xx_hal_pcd_ex.o
 .comment       0x0000000000000050       0x51 ./Drivers/STM32F1xx_HAL_Driver/Src/stm32f1xx_hal_rcc.o
 .comment       0x0000000000000050       0x51 ./Drivers/STM32F1xx_HAL_Driver/Src/stm32f1xx_hal_rcc_ex.o
 .comment       0x0000000000000050       0x51 ./Drivers/STM32F1xx_HAL_Driver/Src/stm32f1xx_ll_usb.o
 .comment       0x0000000000000050       0x51 ./Middlewares/ST/STM32_USB_Device_Library/Class/HID/Src/usbd_hid.o
 .comment       0x0000000000000050       0x51 ./Middlewares/ST/STM32_USB_Device_Library/Core/Src/usbd_core.o
 .comment       0x0000000000000050       0x51 ./Middlewares/ST/STM32_USB_Device_Library/Core/Src/usbd_ctlreq.o
 .comment       0x0000000000000050       0x51 ./Middlewares/ST/STM32_USB_Device_Library/Core/Src/usbd_ioreq.o
 .comment       0x0000000000000050       0x51 ./USB_DEVICE/App/usb_device.o
 .comment       0x0000000000000050       0x51 ./USB_DEVICE/App/usbd_desc.o
 .comment       0x0000000000000050       0x51 ./USB_DEVICE/Target/usbd_conf.o

.debug_frame    0x0000000000000000       0x4c
 .debug_frame   0x0000000000000000       0x2c c:/program files/stm32cubeide_1.12.0/stm32cubeide/plugins/com.st.stm32cube.ide.mcu.externaltools.gnu-tools-for-stm32.10.3-2021.10.win32_1.0.200.202301161003/tools/bin/../lib/gcc/arm-none-eabi/10.3.1/../../../../arm-none-eabi/lib/thumb/v7-m/nofp\libc_nano.a(lib_a-init.o)
 .debug_frame   0x000000000000002c       0x20 c:/program files/stm32cubeide_1.12.0/stm32cubeide/plugins/com.st.stm32cube.ide.mcu.externaltools.gnu-tools-for-stm32.10.3-2021.10.win32_1.0.200.202301161003/tools/bin/../lib/gcc/arm-none-eabi/10.3.1/../../../../arm-none-eabi/lib/thumb/v7-m/nofp\libc_nano.a(lib_a-memset.o)
